2026-09-24 18:59:38,143 | INFO    | FRED | CPIAUCSL: 199 rows (2010-01-01 -> 2026-08-01)
2026-09-24 18:59:38,234 | INFO    | FRED | Saved 199 rows -> fred_CPIAUCSL.parquet
2026-09-24 18:59:38,737 | INFO    | FRED | CPILFESL: 199 rows (2010-01-01 -> 2026-08-01)
2026-09-24 18:59:38,743 | INFO    | FRED | Saved 199 rows -> fred_CPILFESL.parquet
2026-09-24 18:59:39,376 | INFO    | FRED | PPIFIS: 200 rows (2010-01-01 -> 2026-08-01)
2026-09-24 18:59:39,381 | INFO    | FRED | Saved 200 rows -> fred_PPIFIS.parquet
2026-09-24 18:59:40,022 | INFO    | FRED | PCEPI: 199 rows (2010-01-01 -> 2026-07-01)
2026-09-24 18:59:40,037 | INFO    | FRED | Saved 199 rows -> fred_PCEPI.parquet
2026-09-24 18:59:40,660 | INFO    | FRED | PCEPILFE: 199 rows (2010-01-01 -> 2026-07-01)
2026-09-24 18:59:40,678 | INFO    | FRED | Saved 199 rows -> fred_PCEPILFE.parquet
2026-09-24 18:59:41,299 | INFO    | FRED | CP0000EZ19M086NEST: 200 rows (2010-01-01 -> 2026-08-01)
2026-09-24 18:59:41,315 | INFO    | FRED | Saved 200 rows -> fred_CP0000EZ19M086NEST.parquet
2026-09-24 18:59:41,681 | INFO    | FRED | GDPC1: 66 rows (2010-01-01 -> 2026-04-01)
2026-09-24 18:59:41,699 | INFO    | FRED | Saved 66 rows -> fred_GDPC1.parquet
2026-09-24 18:59:42,261 | INFO    | FRED | INDPRO: 200 rows (2010-01-01 -> 2026-08-01)
2026-09-24 18:59:42,276 | INFO    | FRED | Saved 200 rows -> fred_INDPRO.parquet
2026-09-24 18:59:42,900 | INFO    | FRED | RSAFS: 200 rows (2010-01-01 -> 2026-08-01)
2026-09-24 18:59:42,907 | INFO    | FRED | Saved 200 rows -> fred_RSAFS.parquet
2026-09-24 18:59:43,316 | INFO    | FRED | UMCSENT: 199 rows (2010-01-01 -> 2026-07-01)
2026-09-24 18:59:43,335 | INFO    | FRED | Saved 199 rows -> fred_UMCSENT.parquet
2026-09-24 18:59:43,861 | INFO    | FRED | PAYEMS: 200 rows (2010-01-01 -> 2026-08-01)
2026-09-24 18:59:43,869 | INFO    | FRED | Saved 200 rows -> fred_PAYEMS.parquet
2026-09-24 18:59:44,500 | INFO    | FRED | UNRATE: 199 rows (2010-01-01 -> 2026-08-01)
2026-09-24 18:59:44,516 | INFO    | FRED | Saved 199 rows -> fred_UNRATE.parquet
2026-09-24 18:59:45,145 | INFO    | FRED | ICSA: 872 rows (2010-01-02 -> 2026-09-12)
2026-09-24 18:59:45,155 | INFO    | FRED | Saved 872 rows -> fred_ICSA.parquet
2026-09-24 18:59:45,780 | INFO    | FRED | FEDFUNDS: 200 rows (2010-01-01 -> 2026-08-01)
2026-09-24 18:59:45,795 | INFO    | FRED | Saved 200 rows -> fred_FEDFUNDS.parquet
2026-09-24 18:59:46,438 | INFO    | FRED | ECBDFR: 6110 rows (2010-01-01 -> 2026-09-23)
2026-09-24 18:59:46,446 | INFO    | FRED | Saved 6110 rows -> fred_ECBDFR.parquet
2026-09-24 18:59:47,070 | INFO    | FRED | DGS2: 4183 rows (2010-01-04 -> 2026-09-22)
2026-09-24 18:59:47,087 | INFO    | FRED | Saved 4183 rows -> fred_DGS2.parquet
2026-09-24 18:59:47,713 | INFO    | FRED | DGS10: 4183 rows (2010-01-04 -> 2026-09-22)
2026-09-24 18:59:47,719 | INFO    | FRED | Saved 4183 rows -> fred_DGS10.parquet
2026-09-24 18:59:48,337 | INFO    | FRED | IRLTLT01DEM156N: 200 rows (2010-01-01 -> 2026-08-01)
2026-09-24 18:59:48,350 | INFO    | FRED | Saved 200 rows -> fred_IRLTLT01DEM156N.parquet
2026-09-24 18:59:48,993 | INFO    | FRED | T10Y2Y: 4184 rows (2010-01-04 -> 2026-09-23)
2026-09-24 18:59:49,009 | INFO    | FRED | Saved 4184 rows -> fred_T10Y2Y.parquet
2026-09-24 18:59:49,414 | INFO    | FRED | DEXUSEU: 4181 rows (2010-01-04 -> 2026-09-18)
2026-09-24 18:59:49,429 | INFO    | FRED | Saved 4181 rows -> fred_DEXUSEU.parquet
2026-09-24 18:59:49,810 | INFO    | FRED | DTWEXBGS: 4162 rows (2010-01-04 -> 2026-09-18)
2026-09-24 18:59:49,817 | INFO    | FRED | Saved 4162 rows -> fred_DTWEXBGS.parquet
2026-09-24 18:59:50,664 | INFO    | FRED | VIXCLS: 4238 rows (2010-01-04 -> 2026-09-22)
2026-09-24 18:59:50,672 | INFO    | FRED | Saved 4238 rows -> fred_VIXCLS.parquet
2026-09-24 18:59:51,221 | INFO    | FRED | CPIAUCSL first release: 199 rows
2026-09-24 18:59:51,227 | INFO    | FRED | Saved 199 rows -> fred_CPIAUCSL_first_release.parquet
2026-09-24 18:59:51,656 | INFO    | ForexFactory | Calendar: 80 events (7 high impact)
2026-09-24 18:59:51,662 | INFO    | ForexFactory | Saved 80 rows -> ff_calendar_thisweek.parquet
2026-09-24 18:59:51,669 | INFO    | ForexFactory | Saved 80 rows -> ff_calendar_history.parquet
2026-09-24 18:59:51,671 | INFO    | update_all | ===== SUMMARY =====
2026-09-24 18:59:51,672 | INFO    | update_all | FRED CPIAUCSL                    OK
2026-09-24 18:59:51,672 | INFO    | update_all | FRED CPILFESL                    OK
2026-09-24 18:59:51,673 | INFO    | update_all | FRED PPIFIS                      OK
2026-09-24 18:59:51,673 | INFO    | update_all | FRED PCEPI                       OK
2026-09-24 18:59:51,674 | INFO    | update_all | FRED PCEPILFE                    OK
2026-09-24 18:59:51,675 | INFO    | update_all | FRED CP0000EZ19M086NEST          OK
2026-09-24 18:59:51,675 | INFO    | update_all | FRED GDPC1                       OK
2026-09-24 18:59:51,676 | INFO    | update_all | FRED INDPRO                      OK
2026-09-24 18:59:51,677 | INFO    | update_all | FRED RSAFS                       OK
2026-09-24 18:59:51,678 | INFO    | update_all | FRED UMCSENT                     OK
2026-09-24 18:59:51,678 | INFO    | update_all | FRED PAYEMS                      OK
2026-09-24 18:59:51,679 | INFO    | update_all | FRED UNRATE                      OK
2026-09-24 18:59:51,679 | INFO    | update_all | FRED ICSA                        OK
2026-09-24 18:59:51,680 | INFO    | update_all | FRED FEDFUNDS                    OK
2026-09-24 18:59:51,681 | INFO    | update_all | FRED ECBDFR                      OK
2026-09-24 18:59:51,681 | INFO    | update_all | FRED DGS2                        OK
2026-09-24 18:59:51,682 | INFO    | update_all | FRED DGS10                       OK
2026-09-24 18:59:51,683 | INFO    | update_all | FRED IRLTLT01DEM156N             OK
2026-09-24 18:59:51,683 | INFO    | update_all | FRED T10Y2Y                      OK
2026-09-24 18:59:51,684 | INFO    | update_all | FRED DEXUSEU                     OK
2026-09-24 18:59:51,684 | INFO    | update_all | FRED DTWEXBGS                    OK
2026-09-24 18:59:51,685 | INFO    | update_all | FRED VIXCLS                      OK
2026-09-24 18:59:51,686 | INFO    | update_all | FRED CPI first release           OK
2026-09-24 18:59:51,686 | INFO    | update_all | OANDA                            SKIPPED: OANDA_ENV must be 'practice' or 'live', got 'https://api-fxpractice.oanda.com'
2026-09-24 18:59:51,687 | INFO    | update_all | Forex Factory                    OK (80 events in history)
2026-09-24 19:02:58,895 | INFO    | FRED | CPIAUCSL: 199 rows (2010-01-01 -> 2026-08-01)
2026-09-24 19:02:58,901 | INFO    | FRED | Saved 199 rows -> fred_CPIAUCSL.parquet
2026-09-24 19:03:08,021 | INFO    | FRED | CPILFESL: 199 rows (2010-01-01 -> 2026-08-01)
2026-09-24 19:03:08,029 | INFO    | FRED | Saved 199 rows -> fred_CPILFESL.parquet
2026-09-24 19:03:15,936 | INFO    | FRED | PPIFIS: 200 rows (2010-01-01 -> 2026-08-01)
2026-09-24 19:03:15,949 | INFO    | FRED | Saved 200 rows -> fred_PPIFIS.parquet
2026-09-24 19:03:21,052 | INFO    | FRED | PCEPI: 199 rows (2010-01-01 -> 2026-07-01)
2026-09-24 19:03:21,056 | INFO    | FRED | Saved 199 rows -> fred_PCEPI.parquet
